---
source: test_helper/src/test_helper.rs
expression: result
---
Ok(
    FlattenMap {
        flag: false,
        value: {
            "0Zdvgwzntg1": JsonValue(
                Null,
            ),
            "2xmy0O": JsonValue(
                Number(-201987135.0),
            ),
            "815o0wQYoQXKwQ4sk35": JsonValue(
                Object {
                    "c5OSxU6Sg1RkLzA3LI": Null,
                    "cGlIGCxZqgKd": Bool(true),
                    "m0BahDL9nqdE": Null,
                },
            ),
            "CWli7oV": JsonValue(
                Bool(false),
            ),
            "RPpRcK3uDfcPMcMMSl": JsonValue(
                Number(-1046786077.0),
            ),
            "TtDt8QISh": JsonValue(
                Null,
            ),
            "UeOlw3LZgVq01vyUfeJ": JsonValue(
                String("SYS4VXt0E9Baiqqx0"),
            ),
            "VnVAc8m2IzWxHqUyE": JsonValue(
                String("yIyXTZG"),
            ),
        },
    },
)
