---
source: test_helper/src/test_helper.rs
expression: result
---
Ok(
    Deep1 {
        f: 0.10925001,
        deep2: Deep2 {
            b: false,
            deep3: Some(
                Deep3 {
                    s: "oJ654XjRD",
                },
            ),
        },
        v: [
            293213948,
            -698189839,
            -1145449804,
            100811548,
            2092713542,
            -162305236,
            1550235965,
        ],
    },
)
