---
source: test_helper/src/test_helper.rs
expression: result
---
Ok(
    FlattenValue {
        flag: true,
        value: JsonValue(
            Object {
                "rh6rGx64R5z8bXM53JB": Null,
                "tKCHK": Number(0.4519912601301124),
                "zRNzOrvBGBkR": Number(-942429839.0),
                "zvPAta": Number(-1473060449.0),
            },
        ),
    },
)
