---
source: test_helper/src/test_helper.rs
expression: result
---
Ok(
    Container {
        f: 0.6193613,
        e1: S(
            "iq4m5jByT",
        ),
        e2: U(
            2413626873,
        ),
        e3: S2(
            "5B6FXFBEm",
        ),
        e4: U2(
            2852593204,
        ),
        e5: S3(
            "HzE1mKd6Gv6L6DX",
        ),
    },
)
